// Jest Snapshot v1, https://goo.gl/fbAQLP

exports[`With Snapshot Testing App shows "Hello world!" 1`] = `
<div
  className="jsx-2982525546"
>
  <h1
    className="jsx-2982525546"
  >
    Hello World!
  </h1>
</div>
`;
